// Jest Snapshot v1, https://goo.gl/fbAQLP

exports[`Pages Home it renders correctly 1`] = `
Array [
  <div
    className="transition-all duration-500 ease-in-out overflow-hidden bg-white fixed w-full top-0 z-10 py-5 mt-0"
  >
    <div
      className="container mx-auto"
    >
      <nav
        className="flex"
      >
        <img
          alt="andy's american kustoms logo"
          className="mr-10"
          src="test-file-stub"
        />
        <ul
          className="lg:flex items-center pt-4 lg:pt-0 uppercase font-medium"
        >
          <a
            className="lg:p-4 py-3 px-0 block border-b-2 border-transparent hover:text-red-700"
            href="/"
          >
            Home
          </a>
          <a
            className="lg:p-4 py-3 px-0 block border-b-2 border-transparent hover:text-red-700"
            href="about"
          >
            About
          </a>
          <a
            className="lg:p-4 py-3 px-0 block border-b-2 border-transparent hover:text-red-700"
            href="projects"
          >
            Projects
          </a>
          <a
            className="lg:p-4 py-3 px-0 block border-b-2 border-transparent hover:text-red-700"
            href="blog"
          >
            Blog
          </a>
          <a
            className="lg:p-4 py-3 px-0 block border-b-2 border-transparent hover:text-red-700"
            href="contact"
          >
            Contact
          </a>
        </ul>
      </nav>
    </div>
  </div>,
  <main>
    <div
      className="top h-screen flex"
    >
      <div
        className="left rad-red transform md:-skew-x-6 h-full w-full lg:w-3/4 xl:w-1/2 overflow-x-hidden md:-ml-20 flex justify-center md:justify-end lg:justify-center z-1 md:pr-10 lg:pr-0"
      >
        <div
          className="transform md:skew-x-6 self-center max-w-md p-5"
        >
          <h1
            className="text-4xl font-bold text-gray-50"
          >
            ANDY'S AMERICAN
            <br />
            KUSTOMS
          </h1>
          <p
            className="text-gray-200 font-light my-5"
          >
            This is my 1 man business to restore, repair or modify just about anything! Diagnostics using oscilloscopes, scan tools and test lights are skills that I continue to work on everyday. But my main passion is bringing old machinery back to life and perhaps injecting some new technology at the same time!! Have a look at my projects below and contact me if you think I can help.
          </p>
          <button
            className="px-6 py-2.5 text-gray-100 transition-colors duration-150 font-bold rounded-md bg-gray-700 border-2 border-gray-700 focus:shadow-outline hover:bg-gray-800 mr-3"
          >
            View Projects
          </button>
          <button
            className="px-6 py-2.5 text-gray-300 transition-colors duration-150 font-bold rounded-md border-2 border-gray-300 focus:shadow-outline hover:border-gray-400 hover:text-gray-400"
          >
            Contact
          </button>
        </div>
      </div>
      <div
        className="right bg-hero-bg bg-no-repeat sm:w-1/3 md:w-2/3 -ml-20 object-cover h-full bg-cover bg-right hidden sm:flex"
      >
        <div
          className="absolute h-2/3 w-36 transform -skew-x-6 bg-secondary self-center"
        />
      </div>
    </div>
    <div
      className="epic-gray h-500"
    >
      <div
        className="mx-auto container flex"
      >
        <p
          className="text-2xl font-light pt-20 w-3/4"
        >
          Lorem ipsum dolor sit amet, consectetur adipiscing elit. Cras maximus mi nec sem sodales, eget pellentesque neque pulvinar. Phasellus sollicitudin erat sit amet tempus gravida. Nam in ex molestie
        </p>
        <div
          className="pt-20 flex-1 text-center self-center"
        >
          <a
            href="/"
            onClick={[Function]}
            onMouseEnter={[Function]}
          >
            <button
              className="text-grey-800 rounded-md border-2 border-gray-800 text-lg font-bold py-3 px-5 inline-flex items-center"
            >
              <span>
                All Projects
              </span>
              <svg
                className="w-4 h-4 ml-2"
                fill="currentColor"
                viewBox="0 0 20 20"
                xmlns="http://www.w3.org/2000/svg"
              >
                <path
                  clipRule="evenodd"
                  d="M10.293 15.707a1 1 0 010-1.414L14.586 10l-4.293-4.293a1 1 0 111.414-1.414l5 5a1 1 0 010 1.414l-5 5a1 1 0 01-1.414 0z"
                  fillRule="evenodd"
                />
                <path
                  clipRule="evenodd"
                  d="M4.293 15.707a1 1 0 010-1.414L8.586 10 4.293 5.707a1 1 0 011.414-1.414l5 5a1 1 0 010 1.414l-5 5a1 1 0 01-1.414 0z"
                  fillRule="evenodd"
                />
              </svg>
            </button>
          </a>
        </div>
      </div>
    </div>
    <div
      className="-mt-60"
    >
      <div
        className="container mx-auto"
      >
        <div
          className="grid grid-cols-3 gap-2"
        >
          <div
            className="relative"
          >
            <a
              href="/projects/wow"
              onClick={[Function]}
              onMouseEnter={[Function]}
            >
              <div
                style={
                  Object {
                    "boxSizing": "border-box",
                    "display": "block",
                    "margin": 0,
                    "overflow": "hidden",
                    "position": "relative",
                  }
                }
              >
                <div
                  style={
                    Object {
                      "boxSizing": "border-box",
                      "display": "block",
                      "paddingTop": "100%",
                    }
                  }
                />
                <img
                  decoding="async"
                  src="data:image/gif;base64,R0lGODlhAQABAIAAAAAAAP///yH5BAEAAAAALAAAAAABAAEAAAIBRAA7"
                  style={
                    Object {
                      "border": "none",
                      "bottom": 0,
                      "boxSizing": "border-box",
                      "display": "block",
                      "height": 0,
                      "left": 0,
                      "margin": "auto",
                      "maxHeight": "100%",
                      "maxWidth": "100%",
                      "minHeight": "100%",
                      "minWidth": "100%",
                      "objectFit": "cover",
                      "objectPosition": undefined,
                      "padding": 0,
                      "position": "absolute",
                      "right": 0,
                      "top": 0,
                      "visibility": "hidden",
                      "width": 0,
                    }
                  }
                />
              </div>
              <div
                className="false opacity-0 absolute flex top-0 left-0 p-2 w-full h-full justify-center cursor-pointer text-gray-50 text-2xl items-center bg-black bg-opacity-50 transition ease-in-out duration-200"
                onFocus={[Function]}
                onMouseLeave={[Function]}
                onMouseOver={[Function]}
              >
                <span
                  className="border-solid border-2 py-8 px-12 border-gray-50"
                >
                  First Post!!
                </span>
              </div>
            </a>
          </div>
        </div>
      </div>
    </div>
  </main>,
]
`;
